NG-14571_65_NODE_3_length_97297_cov_17.3254	Crassvirales_Crevaviridae
OMGY01000095	Crassvirales_Crevaviridae
HvCF_B5_ms_2	Crassvirales_Crevaviridae
3300007853_____Ga0114093_100213	Crassvirales_Crevaviridae
ERR589589_NODE_144_length_94594_cov_10.8503	Crassvirales_Crevaviridae
OLNY01000078	Crassvirales_Crevaviridae
Minot_Diet_SRR5088943_NODE_15_length_93463_cov_32.895405	Crassvirales_Crevaviridae
Long_crAss_ms_24	Crassvirales_Crevaviridae
CS_ms_21	Crassvirales_Crevaviridae
OATI01000137	Crassvirales_Crevaviridae
OLRG01000090	Crassvirales_Intestiviridae
HvCF_D5_ms_3	Crassvirales_Intestiviridae
17T1_lib200766_3	Crassvirales_Intestiviridae
ERR589786_NODE_135_length_99040_cov_1290.66	Crassvirales_Intestiviridae
OLZQ01000040	Crassvirales_Intestiviridae
OLZR01000039	Crassvirales_Intestiviridae
HvCF_E6_ms_1	Crassvirales_Intestiviridae
OLRW01000060	Crassvirales_Intestiviridae
Eld314-t0_s_2	Crassvirales_Intestiviridae
GlobVir_NODE_4_length_53504_cov_117.528_ID_7	Crassvirales_Intestiviridae
OIJI01000001	Crassvirales_Jelitoviridae
phage_16	Crassvirales_Jelitoviridae
OLBP01000001	Crassvirales_Jelitoviridae
OIOX01000001	Crassvirales_Jelitoviridae
OINI01000001	Crassvirales_Jelitoviridae
OIPU01000001	Crassvirales_Jelitoviridae
OLAR01000001	Crassvirales_Jelitoviridae
OIMM01000002	Crassvirales_Jelitoviridae
OIML01000001	Crassvirales_Jelitoviridae
OINS01000001	Crassvirales_Jelitoviridae
NG-14571_83xxx_NODE_1_length_100314_cov_1329.85	Crassvirales_Steigviridae
ERR844065_ms_1	Crassvirales_Steigviridae
OLPO01000063	Crassvirales_Steigviridae
17T1_lib200766_1	Crassvirales_Steigviridae
NG-14253_56xxx_lib223972_5684_NODE_1_length_101680_cov_95.3006	Crassvirales_Steigviridae
E1_NODE_8_length_76665_cov_7.431628	Crassvirales_Steigviridae
Long_crAss_ms_25	Crassvirales_Steigviridae
E11_NODE_2_length_91037_cov_92.245180	Crassvirales_Steigviridae
PPYF01195288	Crassvirales_Steigviridae
MT074138.1	Crassvirales_Steigviridae
OHMY01000035	Crassvirales_Tinaiviridae
OHQS01000030	Crassvirales_Tinaiviridae
OHKV01000027	Crassvirales_Tinaiviridae
OLZO01000021	Crassvirales_Tinaiviridae
OMDY01000016	Crassvirales_Tinaiviridae
GlobVir_NODE_1_length_139661_cov_16.9267_ID_1	Crassvirales_Tinaiviridae
OLQV01000028	Crassvirales_Tinaiviridae
OJQQ01000027	Crassvirales_Tinaiviridae
OIAT01000008	Crassvirales_Tinaiviridae
OGOO01000044	Crassvirales_Tinaiviridae
mac_M5_k141_NODE_127982_flag1_length_104615_cov_9.0000	Crassvirales_Suoliviridae
ERR589870_NODE_49_length_102228_cov_639.654	Crassvirales_Suoliviridae
ERR589511_NODE_176_length_103722_cov_62.3391	Crassvirales_Suoliviridae
OIFY01000007	Crassvirales_Suoliviridae
OCPT01000040	Crassvirales_Suoliviridae
OCHF01000043	Crassvirales_Suoliviridae
OKXB01000099	Crassvirales_Suoliviridae
ERR589875_NODE_63_length_102810_cov_135.812	Crassvirales_Suoliviridae
OLQG01000039	Crassvirales_Suoliviridae
HvCF_B1_ms_5	Crassvirales_Suoliviridae
NC_021803	Crassvirales_outgroup
TARA_MK892509	Crassvirales_outgroup
